{"Timestamp":"2026-08-05T07:46:01+00:00","TRANSACTION":null, "URI WRONG":"/favicon.ico"}
{"Timestamp":"2026-08-05T07:46:13+00:00","TRANSACTION":null, "BlockID OTP raw response":"{"messageId":"c8ffe3ea-d513-4e2e-b0a0-81cb99d85a41","info":"OTP request accepted"}"}
{"Timestamp":"2026-08-05T07:46:15+00:00","TRANSACTION":null, "URI WRONG":"/favicon.ico"}
{"Timestamp":"2026-08-05T07:46:34+00:00","TRANSACTION":null, "BlockID verify raw response":"{"otp_type":"user-generated","serviceName":"devx","status":"true"}"}
{"Timestamp":"2026-08-05T07:46:34+00:00","TRANSACTION":null, "URI WRONG":"/favicon.ico"}
{"Timestamp":"2026-08-05T07:46:55+00:00","TRANSACTION":{"status":"","RETURN_1":[],"RETURN_2":[],"RETRIVAL_1":[],"RETRIVAL_2":[]}, "URI WRONG":"/favicon.ico"}
{"Timestamp":"2026-08-05T07:47:06+00:00","TRANSACTION":{"status":"","RETURN_1":[],"RETURN_2":[],"RETRIVAL_1":[],"RETRIVAL_2":[]}, "BlockID WebAuthn options raw response":"{"timestamp":1785916027429,"status":404,"error":"Not Found","path":"\/webauthn\/ug1\/attestation\/options"}"}
{"Timestamp":"2026-08-05T07:47:07+00:00","TRANSACTION":{"status":"","RETURN_1":[],"RETURN_2":[],"RETRIVAL_1":[],"RETRIVAL_2":[]}, "URI WRONG":"/favicon.ico"}
{"Timestamp":"2026-08-05T07:47:23+00:00","TRANSACTION":{"status":"","RETURN_1":[],"RETURN_2":[],"RETRIVAL_1":[],"RETRIVAL_2":[]}, "URI WRONG":"/favicon.ico"}
{"Timestamp":"2026-08-05T07:47:25+00:00","TRANSACTION":{"status":"","RETURN_1":[],"RETURN_2":[],"RETRIVAL_1":[],"RETRIVAL_2":[]}, "URI WRONG":"/favicon.ico"}
{"Timestamp":"2026-08-05T07:47:29+00:00","TRANSACTION":{"status":"","RETURN_1":[],"RETURN_2":[],"RETRIVAL_1":[],"RETRIVAL_2":[]}, "BlockID WebAuthn options raw response":"{"timestamp":1785916050674,"status":404,"error":"Not Found","path":"\/webauthn\/ug1\/attestation\/options"}"}
{"Timestamp":"2026-08-05T07:47:29+00:00","TRANSACTION":{"status":"","RETURN_1":[],"RETURN_2":[],"RETRIVAL_1":[],"RETRIVAL_2":[]}, "URI WRONG":"/favicon.ico"}
{"Timestamp":"2026-08-05T07:51:58+00:00","TRANSACTION":{"status":"","RETURN_1":[],"RETURN_2":[],"RETRIVAL_1":[],"RETRIVAL_2":[]}, "URI WRONG":"/favicon.ico"}
{"Timestamp":"2026-08-05T09:32:37+00:00","TRANSACTION":{"RETURN_1":[],"RETURN_2":[],"RETRIVAL_1":[],"RETRIVAL_2":[]}, "URI WRONG":"/favicon.ico"}
{"Timestamp":"2026-08-05T09:33:38+00:00","TRANSACTION":{"RETURN_1":[],"RETURN_2":[],"RETRIVAL_1":[],"RETRIVAL_2":[],"MODEL":"M01","FORM":{"firstName":"Elsy","lastName":"Otieno","dateOfBirth":"2004-09-04","street":"Ngara","city":"Nairobi","postcode":"001-1111","country":"CZE","phone":"0700000467329289","email":"otienobarbra4@gmail.com"}}, "BlockID IDVerify session raw response":"{"sessionId":"42d345ec-b9d1-4f5e-b9d1-4c1f171d997f","url":"https:\/\/blockid-trial.1kosmos.net\/idproofing\/session\/42d345ec-b9d1-4f5e-b9d1-4c1f171d997f"}"}
{"Timestamp":"2026-08-05T09:33:38+00:00","TRANSACTION":{"RETURN_1":[],"RETURN_2":[],"RETRIVAL_1":[],"RETRIVAL_2":[],"MODEL":"M01","FORM":{"firstName":"Elsy","lastName":"Otieno","dateOfBirth":"2004-09-04","street":"Ngara","city":"Nairobi","postcode":"001-1111","country":"CZE","phone":"0700000467329289","email":"otienobarbra4@gmail.com"},"idverify_response":{"sessionId":"42d345ec-b9d1-4f5e-b9d1-4c1f171d997f","url":"https:\/\/blockid-trial.1kosmos.net\/idproofing\/session\/42d345ec-b9d1-4f5e-b9d1-4c1f171d997f"}}, "URI WRONG":"/favicon.ico"}
{"Timestamp":"2026-08-05T10:33:40+00:00","TRANSACTION":{"RETURN_1":[],"RETURN_2":[],"RETRIVAL_1":[],"RETRIVAL_2":[],"MODEL":"M01","FORM":{"firstName":"Elsy","lastName":"Otieno","dateOfBirth":"2004-09-04","street":"Ngara","city":"Nairobi","postcode":"001-1111","country":"CZE","phone":"0700000467329289","email":"otienobarbra4@gmail.com"},"idverify_response":{"sessionId":"42d345ec-b9d1-4f5e-b9d1-4c1f171d997f","url":"https:\/\/blockid-trial.1kosmos.net\/idproofing\/session\/42d345ec-b9d1-4f5e-b9d1-4c1f171d997f"}}, "URI WRONG":"/favicon.ico"}
{"Timestamp":"2026-08-06T08:01:04+00:00","TRANSACTION":null, "URI WRONG":"/favicon.ico"}
{"Timestamp":"2026-08-06T08:01:24+00:00","TRANSACTION":null, "BlockID OTP raw response":"{"messageId":"bdfdbd51-fada-4b3a-9cba-4a3812216b87","info":"OTP request accepted"}"}
{"Timestamp":"2026-08-06T08:01:26+00:00","TRANSACTION":null, "URI WRONG":"/favicon.ico"}
{"Timestamp":"2026-08-06T08:01:46+00:00","TRANSACTION":null, "BlockID verify raw response":"{"otp_type":"user-generated","serviceName":"devx","status":"true"}"}
{"Timestamp":"2026-08-06T08:01:46+00:00","TRANSACTION":null, "URI WRONG":"/favicon.ico"}
{"Timestamp":"2026-08-06T08:01:50+00:00","TRANSACTION":{"status":"","RETURN_1":[],"RETURN_2":[],"RETRIVAL_1":[],"RETRIVAL_2":[]}, "URI WRONG":"/favicon.ico"}
{"Timestamp":"2026-08-06T08:01:53+00:00","TRANSACTION":{"status":"","RETURN_1":[],"RETURN_2":[],"RETRIVAL_1":[],"RETRIVAL_2":[]}, "BlockID WebAuthn options raw response":"{"timestamp":1786003314670,"status":404,"error":"Not Found","path":"\/webauthn\/ug1\/attestation\/options"}"}
{"Timestamp":"2026-08-06T08:01:54+00:00","TRANSACTION":{"status":"","RETURN_1":[],"RETURN_2":[],"RETRIVAL_1":[],"RETRIVAL_2":[]}, "URI WRONG":"/favicon.ico"}
{"Timestamp":"2026-08-06T08:04:37+00:00","TRANSACTION":null, "URI WRONG":"/favicon.ico"}
{"Timestamp":"2026-08-06T08:04:47+00:00","TRANSACTION":null, "BlockID OTP raw response":"{"messageId":"20968b45-7b85-46c0-aaed-6f2f5e722840","info":"OTP request accepted"}"}
{"Timestamp":"2026-08-06T08:04:47+00:00","TRANSACTION":null, "URI WRONG":"/favicon.ico"}
{"Timestamp":"2026-08-06T08:05:30+00:00","TRANSACTION":null, "BlockID verify raw response":"{"otp_type":"user-generated","serviceName":"devx","status":"true"}"}
{"Timestamp":"2026-08-06T08:05:30+00:00","TRANSACTION":null, "URI WRONG":"/favicon.ico"}
{"Timestamp":"2026-08-06T08:05:32+00:00","TRANSACTION":{"status":"","RETURN_1":[],"RETURN_2":[],"RETRIVAL_1":[],"RETRIVAL_2":[]}, "URI WRONG":"/favicon.ico"}
{"Timestamp":"2026-08-06T08:05:34+00:00","TRANSACTION":{"status":"","RETURN_1":[],"RETURN_2":[],"RETRIVAL_1":[],"RETRIVAL_2":[]}, "BlockID WebAuthn options raw response":"{"timestamp":1786003535304,"status":404,"error":"Not Found","path":"\/webauthn\/ug1\/attestation\/options"}"}
{"Timestamp":"2026-08-06T08:05:34+00:00","TRANSACTION":{"status":"","RETURN_1":[],"RETURN_2":[],"RETRIVAL_1":[],"RETRIVAL_2":[]}, "URI WRONG":"/favicon.ico"}
{"Timestamp":"2026-08-06T10:53:41+00:00","TRANSACTION":{"status":"","RETURN_1":[],"RETURN_2":[],"RETRIVAL_1":[],"RETRIVAL_2":[]}, "URI WRONG":"/favicon.ico"}
{"Timestamp":"2026-08-06T10:53:55+00:00","TRANSACTION":{"RETURN_1":[],"RETURN_2":[],"RETRIVAL_1":[],"RETRIVAL_2":[]}, "URI WRONG":"/favicon.ico"}
{"Timestamp":"2026-08-06T10:55:40+00:00","TRANSACTION":{"RETURN_1":[],"RETURN_2":[],"RETRIVAL_1":[],"RETRIVAL_2":[],"MODEL":"M01","FORM":{"firstName":"Elsy","lastName":"Babra","dateOfBirth":"2004-09-04","street":"isiiidi","city":"Nairobi","postcode":"001-1111","country":"CZE","phone":"07033455555755775","email":"otienobarbra4@gmail.com"}}, "BlockID IDVerify session raw response":"{"sessionId":"54b6ac2c-2d74-4fbc-baed-44543b84fe20","url":"https:\/\/blockid-trial.1kosmos.net\/idproofing\/session\/54b6ac2c-2d74-4fbc-baed-44543b84fe20"}"}
{"Timestamp":"2026-08-06T10:55:40+00:00","TRANSACTION":{"RETURN_1":[],"RETURN_2":[],"RETRIVAL_1":[],"RETRIVAL_2":[],"MODEL":"M01","FORM":{"firstName":"Elsy","lastName":"Babra","dateOfBirth":"2004-09-04","street":"isiiidi","city":"Nairobi","postcode":"001-1111","country":"CZE","phone":"07033455555755775","email":"otienobarbra4@gmail.com"},"idverify_response":{"sessionId":"54b6ac2c-2d74-4fbc-baed-44543b84fe20","url":"https:\/\/blockid-trial.1kosmos.net\/idproofing\/session\/54b6ac2c-2d74-4fbc-baed-44543b84fe20"}}, "URI WRONG":"/favicon.ico"}
{"Timestamp":"2026-08-06T10:56:01+00:00","TRANSACTION":{"RETURN_1":[],"RETURN_2":[],"RETRIVAL_1":[],"RETRIVAL_2":[],"MODEL":"M01","FORM":{"firstName":"Elsy","lastName":"Babra","dateOfBirth":"2004-09-04","street":"isiiidi","city":"Nairobi","postcode":"001-1111","country":"CZE","phone":"07033455555755775","email":"otienobarbra4@gmail.com"},"idverify_response":{"sessionId":"54b6ac2c-2d74-4fbc-baed-44543b84fe20","url":"https:\/\/blockid-trial.1kosmos.net\/idproofing\/session\/54b6ac2c-2d74-4fbc-baed-44543b84fe20"}}, "URI WRONG":"/favicon.ico"}
{"Timestamp":"2026-08-06T10:56:03+00:00","TRANSACTION":{"RETURN_1":[],"RETURN_2":[],"RETRIVAL_1":[],"RETRIVAL_2":[],"MODEL":"M01","FORM":{"firstName":"Elsy","lastName":"Babra","dateOfBirth":"2004-09-04","street":"isiiidi","city":"Nairobi","postcode":"001-1111","country":"CZE","phone":"07033455555755775","email":"otienobarbra4@gmail.com"},"idverify_response":{"sessionId":"54b6ac2c-2d74-4fbc-baed-44543b84fe20","url":"https:\/\/blockid-trial.1kosmos.net\/idproofing\/session\/54b6ac2c-2d74-4fbc-baed-44543b84fe20"}}, "URI WRONG":"/favicon.ico"}
{"Timestamp":"2026-08-06T10:56:04+00:00","TRANSACTION":{"RETURN_1":[],"RETURN_2":[],"RETRIVAL_1":[],"RETRIVAL_2":[],"MODEL":"M01","FORM":{"firstName":"Elsy","lastName":"Babra","dateOfBirth":"2004-09-04","street":"isiiidi","city":"Nairobi","postcode":"001-1111","country":"CZE","phone":"07033455555755775","email":"otienobarbra4@gmail.com"},"idverify_response":{"sessionId":"54b6ac2c-2d74-4fbc-baed-44543b84fe20","url":"https:\/\/blockid-trial.1kosmos.net\/idproofing\/session\/54b6ac2c-2d74-4fbc-baed-44543b84fe20"}}, "URI WRONG":"/favicon.ico"}
{"Timestamp":"2026-08-06T11:02:09+00:00","TRANSACTION":{"RETURN_1":[],"RETURN_2":[],"RETRIVAL_1":[],"RETRIVAL_2":[],"MODEL":"M01","FORM":{"firstName":"Elsy","lastName":"Babra","dateOfBirth":"2004-09-04","street":"isiiidi","city":"Nairobi","postcode":"001-1111","country":"CZE","phone":"07033455555755775","email":"otienobarbra4@gmail.com"},"idverify_response":{"sessionId":"54b6ac2c-2d74-4fbc-baed-44543b84fe20","url":"https:\/\/blockid-trial.1kosmos.net\/idproofing\/session\/54b6ac2c-2d74-4fbc-baed-44543b84fe20"}}, "URI WRONG":"/favicon.ico"}
{"Timestamp":"2026-08-06T11:02:24+00:00","TRANSACTION":{"RETURN_1":[],"RETURN_2":[],"RETRIVAL_1":[],"RETRIVAL_2":[],"MODEL":"M01","FORM":{"firstName":"Elsy","lastName":"Babra","dateOfBirth":"2004-09-04","street":"isiiidi","city":"Nairobi","postcode":"001-1111","country":"CZE","phone":"07033455555755775","email":"otienobarbra4@gmail.com"},"idverify_response":{"sessionId":"54b6ac2c-2d74-4fbc-baed-44543b84fe20","url":"https:\/\/blockid-trial.1kosmos.net\/idproofing\/session\/54b6ac2c-2d74-4fbc-baed-44543b84fe20"}}, "URI WRONG":"/favicon.ico"}
{"Timestamp":"2026-08-06T11:02:53+00:00","TRANSACTION":{"RETURN_1":[],"RETURN_2":[],"RETRIVAL_1":[],"RETRIVAL_2":[],"MODEL":"M01","FORM":{"firstName":"Elsy","lastName":"Babra","dateOfBirth":"2004-09-04","street":"isiiidi","city":"Nairobi","postcode":"001-1111","country":"CZE","phone":"07033455555755775","email":"otienobarbra4@gmail.com"},"idverify_response":{"sessionId":"54b6ac2c-2d74-4fbc-baed-44543b84fe20","url":"https:\/\/blockid-trial.1kosmos.net\/idproofing\/session\/54b6ac2c-2d74-4fbc-baed-44543b84fe20"}}, "URI WRONG":"/favicon.ico"}
{"Timestamp":"2026-08-06T11:04:07+00:00","TRANSACTION":{"RETURN_1":[],"RETURN_2":[],"RETRIVAL_1":[],"RETRIVAL_2":[]}, "URI WRONG":"/favicon.ico"}
{"Timestamp":"2026-08-06T11:06:11+00:00","TRANSACTION":{"RETURN_1":[],"RETURN_2":[],"RETRIVAL_1":[],"RETRIVAL_2":[]}, "URI WRONG":"/favicon.ico"}
{"Timestamp":"2026-08-06T11:06:11+00:00","TRANSACTION":{"RETURN_1":[],"RETURN_2":[],"RETRIVAL_1":[],"RETRIVAL_2":[]}, "URI WRONG":"/favicon.ico"}
{"Timestamp":"2026-08-06T11:06:12+00:00","TRANSACTION":{"RETURN_1":[],"RETURN_2":[],"RETRIVAL_1":[],"RETRIVAL_2":[]}, "URI WRONG":"/favicon.ico"}
{"Timestamp":"2026-08-06T11:08:41+00:00","TRANSACTION":{"RETURN_1":[],"RETURN_2":[],"RETRIVAL_1":[],"RETRIVAL_2":[]}, "URI WRONG":"/favicon.ico"}
{"Timestamp":"2026-08-06T11:09:03+00:00","TRANSACTION":{"RETURN_1":[],"RETURN_2":[],"RETRIVAL_1":[],"RETRIVAL_2":[]}, "URI WRONG":"/favicon.ico"}
{"Timestamp":"2026-08-06T11:09:26+00:00","TRANSACTION":{"status":"","RETURN_1":[],"RETURN_2":[],"RETRIVAL_1":[],"RETRIVAL_2":[]}, "URI WRONG":"/favicon.ico"}
{"Timestamp":"2026-08-06T11:12:55+00:00","TRANSACTION":{"status":"","RETURN_1":[],"RETURN_2":[],"RETRIVAL_1":[],"RETRIVAL_2":[]}, "URI WRONG":"/favicon.ico"}
{"Timestamp":"2026-08-06T11:13:02+00:00","TRANSACTION":{"status":"","RETURN_1":[],"RETURN_2":[],"RETRIVAL_1":[],"RETRIVAL_2":[]}, "URI WRONG":"/favicon.ico"}
{"Timestamp":"2026-08-06T11:14:00+00:00","TRANSACTION":{"status":"","RETURN_1":[],"RETURN_2":[],"RETRIVAL_1":[],"RETRIVAL_2":[]}, "URI WRONG":"/favicon.ico"}
{"Timestamp":"2026-08-06T11:14:09+00:00","TRANSACTION":{"status":"","RETURN_1":[],"RETURN_2":[],"RETRIVAL_1":[],"RETRIVAL_2":[]}, "URI WRONG":"/favicon.ico"}
{"Timestamp":"2026-08-06T11:16:12+00:00","TRANSACTION":{"status":"","RETURN_1":[],"RETURN_2":[],"RETRIVAL_1":[],"RETRIVAL_2":[]}, "URI WRONG":"/favicon.ico"}
{"Timestamp":"2026-08-10T06:28:38+00:00","TRANSACTION":null, "URI WRONG":"/favicon.ico"}
{"Timestamp":"2026-08-10T06:29:00+00:00","TRANSACTION":null, "BlockID OTP raw response":"{"messageId":"99eb9405-762e-423b-9c92-6710be9174b9","info":"OTP request accepted"}"}
{"Timestamp":"2026-08-10T06:29:01+00:00","TRANSACTION":null, "BlockID OTP raw response":"{"messageId":"28aeb49a-8a75-4f5e-a4d1-115e6bf84039","info":"OTP request accepted"}"}
{"Timestamp":"2026-08-10T06:29:02+00:00","TRANSACTION":null, "URI WRONG":"/favicon.ico"}
{"Timestamp":"2026-08-10T06:29:19+00:00","TRANSACTION":null, "BlockID verify raw response":"{"otp_type":"user-generated","serviceName":"devx","status":"true"}"}
{"Timestamp":"2026-08-10T06:29:20+00:00","TRANSACTION":null, "URI WRONG":"/favicon.ico"}
{"Timestamp":"2026-08-10T06:29:30+00:00","TRANSACTION":{"status":"","RETURN_1":[],"RETURN_2":[],"RETRIVAL_1":[],"RETRIVAL_2":[]}, "URI WRONG":"/favicon.ico"}
{"Timestamp":"2026-08-10T06:29:32+00:00","TRANSACTION":{"status":"","RETURN_1":[],"RETURN_2":[],"RETRIVAL_1":[],"RETRIVAL_2":[]}, "BlockID WebAuthn options raw response":"{"timestamp":1786343372759,"status":404,"error":"Not Found","path":"\/webauthn\/ug1\/attestation\/options"}"}
{"Timestamp":"2026-08-10T06:29:33+00:00","TRANSACTION":{"status":"","RETURN_1":[],"RETURN_2":[],"RETRIVAL_1":[],"RETRIVAL_2":[]}, "URI WRONG":"/favicon.ico"}
{"Timestamp":"2026-08-10T06:49:39+00:00","TRANSACTION":{"status":"","RETURN_1":[],"RETURN_2":[],"RETRIVAL_1":[],"RETRIVAL_2":[]}, "URI WRONG":"/favicon.ico"}
{"Timestamp":"2026-08-10T06:49:55+00:00","TRANSACTION":{"status":"","RETURN_1":[],"RETURN_2":[],"RETRIVAL_1":[],"RETRIVAL_2":[]}, "BlockID WebAuthn options raw response":"{"timestamp":1786344594979,"status":404,"error":"Not Found","path":"\/webauthn\/ug1\/attestation\/options"}"}
{"Timestamp":"2026-08-10T06:49:55+00:00","TRANSACTION":{"status":"","RETURN_1":[],"RETURN_2":[],"RETRIVAL_1":[],"RETRIVAL_2":[]}, "URI WRONG":"/favicon.ico"}
{"Timestamp":"2026-08-10T06:56:49+00:00","TRANSACTION":{"status":"","RETURN_1":[],"RETURN_2":[],"RETRIVAL_1":[],"RETRIVAL_2":[]}, "BlockID WebAuthn options raw response":"{"timestamp":1786345008947,"status":404,"error":"Not Found","path":"\/webauthn\/ug1\/attestation\/options"}"}
{"Timestamp":"2026-08-10T06:56:49+00:00","TRANSACTION":{"status":"","RETURN_1":[],"RETURN_2":[],"RETRIVAL_1":[],"RETRIVAL_2":[]}, "URI WRONG":"/favicon.ico"}
{"Timestamp":"2026-08-10T06:58:16+00:00","TRANSACTION":{"status":"","RETURN_1":[],"RETURN_2":[],"RETRIVAL_1":[],"RETRIVAL_2":[]}, "BlockID WebAuthn options raw response":"{"timestamp":1786345096017,"status":404,"error":"Not Found","path":"\/webauthn\/ug1\/attestation\/options"}"}
{"Timestamp":"2026-08-10T06:58:16+00:00","TRANSACTION":{"status":"","RETURN_1":[],"RETURN_2":[],"RETRIVAL_1":[],"RETRIVAL_2":[]}, "URI WRONG":"/favicon.ico"}
{"Timestamp":"2026-08-10T07:01:32+00:00","TRANSACTION":{"status":"","RETURN_1":[],"RETURN_2":[],"RETRIVAL_1":[],"RETRIVAL_2":[]}, "BlockID WebAuthn options raw response":"{"timestamp":1786345292325,"status":404,"error":"Not Found","path":"\/webauthn\/ug1\/attestation\/options"}"}
{"Timestamp":"2026-08-10T07:01:32+00:00","TRANSACTION":{"status":"","RETURN_1":[],"RETURN_2":[],"RETRIVAL_1":[],"RETRIVAL_2":[]}, "URI WRONG":"/favicon.ico"}
{"Timestamp":"2026-08-10T07:01:57+00:00","TRANSACTION":{"status":"","RETURN_1":[],"RETURN_2":[],"RETRIVAL_1":[],"RETRIVAL_2":[]}, "BlockID WebAuthn options raw response":"{"timestamp":1786345317786,"status":404,"error":"Not Found","path":"\/webauthn\/ug1\/attestation\/options"}"}
{"Timestamp":"2026-08-10T07:01:58+00:00","TRANSACTION":{"status":"","RETURN_1":[],"RETURN_2":[],"RETRIVAL_1":[],"RETRIVAL_2":[]}, "URI WRONG":"/favicon.ico"}
{"Timestamp":"2026-08-10T07:02:01+00:00","TRANSACTION":{"status":"","RETURN_1":[],"RETURN_2":[],"RETRIVAL_1":[],"RETRIVAL_2":[]}, "BlockID WebAuthn options raw response":"{"timestamp":1786345321156,"status":404,"error":"Not Found","path":"\/webauthn\/ug1\/attestation\/options"}"}
{"Timestamp":"2026-08-10T07:02:01+00:00","TRANSACTION":{"status":"","RETURN_1":[],"RETURN_2":[],"RETRIVAL_1":[],"RETRIVAL_2":[]}, "URI WRONG":"/favicon.ico"}
{"Timestamp":"2026-08-10T07:06:11+00:00","TRANSACTION":{"status":"","RETURN_1":[],"RETURN_2":[],"RETRIVAL_1":[],"RETRIVAL_2":[]}, "BlockID WebAuthn options raw response":"{"rp":{"name":"dev.idv-demo.local","id":"dev.idv-demo.local"},"user":{"id":"3Tb8JNi-hD37617SPf9i--0RPw_rFY-J7qKT-FW6Bz8","name":"otienobarbra4@gmail.com","displayName":"otienobarbra4@gmail.com"},"attestation":"none","pubKeyCredParams":[{"type":"public-key","alg":-7}],"timeout":60000,"authenticatorSelection":{"userVerification":"preferred","requireResidentKey":false},"challenge":"ZXlKaGJHY2lPaUpJVXpJMU5pSXNJblI1Y0NJNklrcFhWQ0o5LmV5SmhkV1FpT2lKa1pYWXVhV1IyTFdSbGJXOHViRzlqWVd3aUxDSnpkV0lpT2lKdmRHbGxibTlpWVhKaWNtRTBRR2R0WVdsc0xtTnZiU0lzSW1WNGNDSTZNVGM0TmpNME5UWXpNU3dpY21GdVpDSTZJakYxUXpOcWQzQXpTMHR6UVV4NGNIRjNUVjlzZURKNFRUazFaVjlGY0VkTGVVYzJSVlJZV1V3aUxDSnBaQ0k2SWpOVVlqaEtUbWt0YUVRek56WXhOMU5RWmpscExTMHdVbEIzWDNKR1dTMUtOM0ZMVkMxR1Z6WkNlamdpTENKaGRYUm9jMlZzWldOMGFXOXVJam9pSWl3aVlYUjBaWE4wWVhScGIyNGlPaUp1YjI1bEluMC5JRWJsZ2pRbXUtakxjbWp6TUtNZDNSeGV6TEhYc1Y3T0ZqMHlqZS04d2NV","excludeCredentials":[],"status":"ok","errorMessage":""}"}
{"Timestamp":"2026-08-10T07:06:12+00:00","TRANSACTION":{"status":"","RETURN_1":[],"RETURN_2":[],"RETRIVAL_1":[],"RETRIVAL_2":[]}, "URI WRONG":"/favicon.ico"}
{"Timestamp":"2026-08-10T07:10:24+00:00","TRANSACTION":{"status":"","RETURN_1":[],"RETURN_2":[],"RETRIVAL_1":[],"RETRIVAL_2":[]}, "BlockID WebAuthn options raw response":"{"rp":{"name":"dev.idv-demo.local","id":"dev.idv-demo.local"},"user":{"id":"Kc5vhh2IY_iAEguUMgyo8EIw2e5fxDpraeaG_ioPBJA","name":"otienobarbra4@gmail.com","displayName":"otienobarbra4@gmail.com"},"attestation":"none","pubKeyCredParams":[{"type":"public-key","alg":-7}],"timeout":60000,"authenticatorSelection":{"userVerification":"preferred","requireResidentKey":false},"challenge":"ZXlKaGJHY2lPaUpJVXpJMU5pSXNJblI1Y0NJNklrcFhWQ0o5LmV5SmhkV1FpT2lKa1pYWXVhV1IyTFdSbGJXOHViRzlqWVd3aUxDSnpkV0lpT2lKdmRHbGxibTlpWVhKaWNtRTBRR2R0WVdsc0xtTnZiU0lzSW1WNGNDSTZNVGM0TmpNME5UZzROQ3dpY21GdVpDSTZJa3h2Wm1sNVZXUXlaVkZVVW1ZMVQzRnFhbEo1ZEhNMlNGWmtWVlE1WDJSVVMyOXVPVEI2UldJaUxDSnBaQ0k2SWt0ak5YWm9hREpKV1Y5cFFVVm5kVlZOWjNsdk9FVkpkekpsTldaNFJIQnlZV1ZoUjE5cGIxQkNTa0VpTENKaGRYUm9jMlZzWldOMGFXOXVJam9pSWl3aVlYUjBaWE4wWVhScGIyNGlPaUp1YjI1bEluMC5CZW1FQWpkOE15M0hXRXdnU1Z6YWxiZTlKZGRfbmlOUG90LTBocDRsdUZV","excludeCredentials":[],"status":"ok","errorMessage":""}"}
{"Timestamp":"2026-08-10T07:10:25+00:00","TRANSACTION":{"status":"","RETURN_1":[],"RETURN_2":[],"RETRIVAL_1":[],"RETRIVAL_2":[]}, "URI WRONG":"/favicon.ico"}
{"Timestamp":"2026-08-10T07:12:25+00:00","TRANSACTION":{"status":"","RETURN_1":[],"RETURN_2":[],"RETRIVAL_1":[],"RETRIVAL_2":[]}, "BlockID WebAuthn options raw response":"{"rp":{"name":"dev.idv-demo.local","id":"dev.idv-demo.local"},"user":{"id":"SrNiMi-N8eN9nIcaqrKpGP_9Yc8lnST4EEdCiwq-yTo","name":"otienobarbra4@gmail.com","displayName":"otienobarbra4@gmail.com"},"attestation":"none","pubKeyCredParams":[{"type":"public-key","alg":-7}],"timeout":60000,"authenticatorSelection":{"userVerification":"preferred","requireResidentKey":false},"challenge":"ZXlKaGJHY2lPaUpJVXpJMU5pSXNJblI1Y0NJNklrcFhWQ0o5LmV5SmhkV1FpT2lKa1pYWXVhV1IyTFdSbGJXOHViRzlqWVd3aUxDSnpkV0lpT2lKdmRHbGxibTlpWVhKaWNtRTBRR2R0WVdsc0xtTnZiU0lzSW1WNGNDSTZNVGM0TmpNME5qQXdOU3dpY21GdVpDSTZJbGxLTkZCdVkzRkNNVXg0U0dKTFgxcEdZVnBVY2tReGVUaHhVakZOVDNSUlltTk5ZazluWVhVaUxDSnBaQ0k2SWxOeVRtbE5hUzFPT0dWT09XNUpZMkZ4Y2t0d1IxQmZPVmxqT0d4dVUxUTBSVVZrUTJsM2NTMTVWRzhpTENKaGRYUm9jMlZzWldOMGFXOXVJam9pSWl3aVlYUjBaWE4wWVhScGIyNGlPaUp1YjI1bEluMC5uWEJJMWRMM3NFMVVINXl3V2FHaVdCcjZrRXllMnhmcVVaR0M4bndpR2Y4","excludeCredentials":[],"status":"ok","errorMessage":""}"}
{"Timestamp":"2026-08-10T07:12:26+00:00","TRANSACTION":{"status":"","RETURN_1":[],"RETURN_2":[],"RETRIVAL_1":[],"RETRIVAL_2":[]}, "URI WRONG":"/favicon.ico"}
{"Timestamp":"2026-08-10T07:17:40+00:00","TRANSACTION":{"status":"","RETURN_1":[],"RETURN_2":[],"RETRIVAL_1":[],"RETRIVAL_2":[]}, "BlockID WebAuthn options raw response":"{"rp":{"name":"dev.idv-demo.local","id":"dev.idv-demo.local"},"user":{"id":"Cn6OPfPsldaZwECQwwi-gSIzuQFGta_5_jKOgcKTbqo","name":"otienobarbra4@gmail.com","displayName":"otienobarbra4@gmail.com"},"attestation":"none","pubKeyCredParams":[{"type":"public-key","alg":-7}],"timeout":60000,"authenticatorSelection":{"userVerification":"preferred","requireResidentKey":false},"challenge":"ZXlKaGJHY2lPaUpJVXpJMU5pSXNJblI1Y0NJNklrcFhWQ0o5LmV5SmhkV1FpT2lKa1pYWXVhV1IyTFdSbGJXOHViRzlqWVd3aUxDSnpkV0lpT2lKdmRHbGxibTlpWVhKaWNtRTBRR2R0WVdsc0xtTnZiU0lzSW1WNGNDSTZNVGM0TmpNME5qTXlNQ3dpY21GdVpDSTZJakZOWVZscFJqZFdjRFJQVURGV1JXMWFSRVZWZFhnNVIyOHpjVTlyWW1wRWNuVktVbVF4Um04aUxDSnBaQ0k2SWtOdU5rOVFabEJ6YkdSaFduZEZRMUYzZDJrdFoxTkplblZSUmtkMFlWODFYMnBMVDJkalMxUmljVzhpTENKaGRYUm9jMlZzWldOMGFXOXVJam9pSWl3aVlYUjBaWE4wWVhScGIyNGlPaUp1YjI1bEluMC5ickx5VDNjcko1d3dLbWhsak44QWJvY290aVpOamU0UE5fMW1zbW1vV2Nj","excludeCredentials":[],"status":"ok","errorMessage":""}"}
{"Timestamp":"2026-08-10T07:17:40+00:00","TRANSACTION":{"status":"","RETURN_1":[],"RETURN_2":[],"RETRIVAL_1":[],"RETRIVAL_2":[]}, "URI WRONG":"/favicon.ico"}
{"Timestamp":"2026-08-10T07:45:17+00:00","TRANSACTION":null, "URI WRONG":"/favicon.ico"}
{"Timestamp":"2026-08-10T07:45:31+00:00","TRANSACTION":null, "BlockID OTP raw response":"{"messageId":"aa51ed4d-3024-4ee0-a07d-0f1750e64cdd","info":"OTP request accepted"}"}
{"Timestamp":"2026-08-10T07:45:31+00:00","TRANSACTION":null, "URI WRONG":"/favicon.ico"}
{"Timestamp":"2026-08-10T07:46:03+00:00","TRANSACTION":null, "BlockID verify raw response":"{"otp_type":"user-generated","serviceName":"devx","status":"true"}"}
{"Timestamp":"2026-08-10T07:46:04+00:00","TRANSACTION":null, "URI WRONG":"/favicon.ico"}
{"Timestamp":"2026-08-10T07:46:22+00:00","TRANSACTION":{"status":"","RETURN_1":[],"RETURN_2":[],"RETRIVAL_1":[],"RETRIVAL_2":[]}, "URI WRONG":"/favicon.ico"}
{"Timestamp":"2026-08-10T07:46:26+00:00","TRANSACTION":{"status":"","RETURN_1":[],"RETURN_2":[],"RETRIVAL_1":[],"RETRIVAL_2":[]}, "BlockID WebAuthn options raw response":"{"rp":{"name":"dev.idv-demo.local","id":"dev.idv-demo.local"},"user":{"id":"MShzGRU2b2i-GmhtKQ9wFvaxcJ327FkLEozSwDlSE4Y","name":"otienobarbra4@gmail.com","displayName":"otienobarbra4@gmail.com"},"attestation":"none","pubKeyCredParams":[{"type":"public-key","alg":-7}],"timeout":60000,"authenticatorSelection":{"userVerification":"preferred","requireResidentKey":false},"challenge":"ZXlKaGJHY2lPaUpJVXpJMU5pSXNJblI1Y0NJNklrcFhWQ0o5LmV5SmhkV1FpT2lKa1pYWXVhV1IyTFdSbGJXOHViRzlqWVd3aUxDSnpkV0lpT2lKdmRHbGxibTlpWVhKaWNtRTBRR2R0WVdsc0xtTnZiU0lzSW1WNGNDSTZNVGM0TmpNME9EQTBOeXdpY21GdVpDSTZJa0U0U21kd1ZHb3pVeTFpTFhkblUya3hlbVE0VWtkMWMyVldWR3h3VjFORGJqVmhhWHBWWkUwaUxDSnBaQ0k2SWsxVGFIcEhVbFV5WWpKcExVZHRhSFJMVVRsM1JuWmhlR05LTXpJM1JtdE1SVzk2VTNkRWJGTkZORmtpTENKaGRYUm9jMlZzWldOMGFXOXVJam9pSWl3aVlYUjBaWE4wWVhScGIyNGlPaUp1YjI1bEluMC55Z0NjdzdxM1JqaTl1bVppS1J0T3FnNndxUUwzeENDZEoxRkhhb3lhS0Vn","excludeCredentials":[],"status":"ok","errorMessage":""}"}
{"Timestamp":"2026-08-10T07:46:27+00:00","TRANSACTION":{"status":"","RETURN_1":[],"RETURN_2":[],"RETRIVAL_1":[],"RETRIVAL_2":[]}, "URI WRONG":"/favicon.ico"}
{"Timestamp":"2026-08-10T07:51:27+00:00","TRANSACTION":{"status":"","RETURN_1":[],"RETURN_2":[],"RETRIVAL_1":[],"RETRIVAL_2":[]}, "BlockID WebAuthn options raw response":"{"rp":{"name":"dev.idv-demo.local","id":"dev.idv-demo.local"},"user":{"id":"fb5Idxu69uehDfTPOn7mdf9ZiZJ0A7X7PFp8rYaYfA0","name":"otienobarbra4@gmail.com","displayName":"otienobarbra4@gmail.com"},"attestation":"none","pubKeyCredParams":[{"type":"public-key","alg":-7}],"timeout":60000,"authenticatorSelection":{"userVerification":"preferred","requireResidentKey":false},"challenge":"ZXlKaGJHY2lPaUpJVXpJMU5pSXNJblI1Y0NJNklrcFhWQ0o5LmV5SmhkV1FpT2lKa1pYWXVhV1IyTFdSbGJXOHViRzlqWVd3aUxDSnpkV0lpT2lKdmRHbGxibTlpWVhKaWNtRTBRR2R0WVdsc0xtTnZiU0lzSW1WNGNDSTZNVGM0TmpNME9ETTBPQ3dpY21GdVpDSTZJazlFWkhKWmFqUXpNbTlQY210SFluVjVTMlZmZUhWTmQzUXpablp6Wld0RGJFYzNVMjVQU3pVaUxDSnBaQ0k2SW1aaU5VbGtlSFUyT1hWbGFFUm1WRkJQYmpkdFpHWTVXbWxhU2pCQk4xZzNVRVp3T0hKWllWbG1RVEFpTENKaGRYUm9jMlZzWldOMGFXOXVJam9pSWl3aVlYUjBaWE4wWVhScGIyNGlPaUp1YjI1bEluMC4xaUc4NG1mQmNnMlNBZlNRMW10OWFfeHlEQzZ6S2dWREdRRzRTWHlVZWo0","excludeCredentials":[],"status":"ok","errorMessage":""}"}
{"Timestamp":"2026-08-10T07:51:27+00:00","TRANSACTION":{"status":"","RETURN_1":[],"RETURN_2":[],"RETRIVAL_1":[],"RETRIVAL_2":[]}, "URI WRONG":"/favicon.ico"}
{"Timestamp":"2026-08-10T07:55:34+00:00","TRANSACTION":{"status":"","RETURN_1":[],"RETURN_2":[],"RETRIVAL_1":[],"RETRIVAL_2":[]}, "URI WRONG":"/favicon.ico"}
{"Timestamp":"2026-08-10T07:55:39+00:00","TRANSACTION":{"status":"","RETURN_1":[],"RETURN_2":[],"RETRIVAL_1":[],"RETRIVAL_2":[]}, "URI WRONG":"/favicon.ico"}
{"Timestamp":"2026-08-10T07:55:42+00:00","TRANSACTION":{"status":"","RETURN_1":[],"RETURN_2":[],"RETRIVAL_1":[],"RETRIVAL_2":[]}, "URI WRONG":"/favicon.ico"}
{"Timestamp":"2026-08-10T07:55:43+00:00","TRANSACTION":{"status":"","RETURN_1":[],"RETURN_2":[],"RETRIVAL_1":[],"RETRIVAL_2":[]}, "URI WRONG":"/favicon.ico"}
{"Timestamp":"2026-08-10T07:55:43+00:00","TRANSACTION":{"status":"","RETURN_1":[],"RETURN_2":[],"RETRIVAL_1":[],"RETRIVAL_2":[]}, "URI WRONG":"/favicon.ico"}
{"Timestamp":"2026-08-10T07:55:43+00:00","TRANSACTION":{"status":"","RETURN_1":[],"RETURN_2":[],"RETRIVAL_1":[],"RETRIVAL_2":[]}, "URI WRONG":"/favicon.ico"}
{"Timestamp":"2026-08-10T07:55:44+00:00","TRANSACTION":{"status":"","RETURN_1":[],"RETURN_2":[],"RETRIVAL_1":[],"RETRIVAL_2":[]}, "URI WRONG":"/favicon.ico"}
{"Timestamp":"2026-08-10T07:55:44+00:00","TRANSACTION":{"status":"","RETURN_1":[],"RETURN_2":[],"RETRIVAL_1":[],"RETRIVAL_2":[]}, "URI WRONG":"/favicon.ico"}
{"Timestamp":"2026-08-10T07:55:44+00:00","TRANSACTION":{"status":"","RETURN_1":[],"RETURN_2":[],"RETRIVAL_1":[],"RETRIVAL_2":[]}, "URI WRONG":"/favicon.ico"}
{"Timestamp":"2026-08-10T07:55:48+00:00","TRANSACTION":{"status":"","RETURN_1":[],"RETURN_2":[],"RETRIVAL_1":[],"RETRIVAL_2":[]}, "BlockID WebAuthn options raw response":"{"rp":{"name":"dev.idv-demo.local","id":"dev.idv-demo.local"},"user":{"id":"SaSJ3fhtGNmMCTHCj8U2cyCii5cw8JzCf6bhQaAHhCs","name":"otienobarbra4@gmail.com","displayName":"otienobarbra4@gmail.com"},"attestation":"none","pubKeyCredParams":[{"type":"public-key","alg":-7}],"timeout":60000,"authenticatorSelection":{"userVerification":"preferred","requireResidentKey":false},"challenge":"ZXlKaGJHY2lPaUpJVXpJMU5pSXNJblI1Y0NJNklrcFhWQ0o5LmV5SmhkV1FpT2lKa1pYWXVhV1IyTFdSbGJXOHViRzlqWVd3aUxDSnpkV0lpT2lKdmRHbGxibTlpWVhKaWNtRTBRR2R0WVdsc0xtTnZiU0lzSW1WNGNDSTZNVGM0TmpNME9EWXdPU3dpY21GdVpDSTZJbWh4WTI0dGVEbGpNRmhYYkVGQ1NXNHdObVF0Y1RaUFJXOUpla3h3V1ZabmFHNDJNMk5PV25JaUxDSnBaQ0k2SWxOaFUwb3pabWgwUjA1dFRVTlVTRU5xT0ZVeVkzbERhV2sxWTNjNFNucERaalppYUZGaFFVaG9RM01pTENKaGRYUm9jMlZzWldOMGFXOXVJam9pSWl3aVlYUjBaWE4wWVhScGIyNGlPaUp1YjI1bEluMC5CTEgwN0FCWDRYbG5mc1BIWk9YelZVci1nc2YyMmpTVDF6U25iZ2VPVFFv","excludeCredentials":[],"status":"ok","errorMessage":""}"}
{"Timestamp":"2026-08-10T07:55:49+00:00","TRANSACTION":{"status":"","RETURN_1":[],"RETURN_2":[],"RETRIVAL_1":[],"RETRIVAL_2":[]}, "URI WRONG":"/favicon.ico"}
{"Timestamp":"2026-08-10T07:59:22+00:00","TRANSACTION":{"status":"","RETURN_1":[],"RETURN_2":[],"RETRIVAL_1":[],"RETRIVAL_2":[]}, "BlockID WebAuthn options raw response":"{"rp":{"name":"dev.idv-demo.local","id":"dev.idv-demo.local"},"user":{"id":"ANmnbKkQFV5SVrCT6bV7FdPowxWJSBZEdIeMfbLz26Y","name":"otienobarbra4@gmail.com","displayName":"otienobarbra4@gmail.com"},"attestation":"none","pubKeyCredParams":[{"type":"public-key","alg":-7}],"timeout":60000,"authenticatorSelection":{"userVerification":"preferred","requireResidentKey":false},"challenge":"ZXlKaGJHY2lPaUpJVXpJMU5pSXNJblI1Y0NJNklrcFhWQ0o5LmV5SmhkV1FpT2lKa1pYWXVhV1IyTFdSbGJXOHViRzlqWVd3aUxDSnpkV0lpT2lKdmRHbGxibTlpWVhKaWNtRTBRR2R0WVdsc0xtTnZiU0lzSW1WNGNDSTZNVGM0TmpNME9EZ3lNeXdpY21GdVpDSTZJazFtZFhsNmMxODBSbGxOUm5kV1ZHZE9YMU5tVGtFdGQydzJjVmQyVld4b1YzWnZTMUIzY0VVaUxDSnBaQ0k2SWtGT2JXNWlTMnRSUmxZMVUxWnlRMVEyWWxZM1JtUlFiM2Q0VjBwVFFscEZaRWxsVFdaaVRIb3lObGtpTENKaGRYUm9jMlZzWldOMGFXOXVJam9pSWl3aVlYUjBaWE4wWVhScGIyNGlPaUp1YjI1bEluMC5ZT1BUaGUzQzc3OVJWWWQ2R0ZNQXdEb1pqaTF0MFoxclg0UVRRREpseWln","excludeCredentials":[],"status":"ok","errorMessage":""}"}
{"Timestamp":"2026-08-10T07:59:22+00:00","TRANSACTION":{"status":"","RETURN_1":[],"RETURN_2":[],"RETRIVAL_1":[],"RETRIVAL_2":[]}, "URI WRONG":"/favicon.ico"}
{"Timestamp":"2026-08-10T08:06:26+00:00","TRANSACTION":null, "URI WRONG":"/favicon.ico"}
{"Timestamp":"2026-08-10T08:06:32+00:00","TRANSACTION":null, "BlockID OTP raw response":"{"messageId":"3fa82a2f-26c8-4344-b846-d26d366fe998","info":"OTP request accepted"}"}
{"Timestamp":"2026-08-10T08:06:33+00:00","TRANSACTION":null, "URI WRONG":"/favicon.ico"}
{"Timestamp":"2026-08-10T08:06:52+00:00","TRANSACTION":null, "BlockID verify raw response":"{"otp_type":"user-generated","serviceName":"devx","status":"true"}"}
{"Timestamp":"2026-08-10T08:06:53+00:00","TRANSACTION":null, "URI WRONG":"/favicon.ico"}
{"Timestamp":"2026-08-10T08:06:57+00:00","TRANSACTION":{"status":"","RETURN_1":[],"RETURN_2":[],"RETRIVAL_1":[],"RETRIVAL_2":[]}, "URI WRONG":"/favicon.ico"}
{"Timestamp":"2026-08-10T08:06:59+00:00","TRANSACTION":{"status":"","RETURN_1":[],"RETURN_2":[],"RETRIVAL_1":[],"RETRIVAL_2":[]}, "BlockID WebAuthn options raw response":"{"rp":{"name":"dev.idv-demo.local","id":"dev.idv-demo.local"},"user":{"id":"KxbJIf29tGjqjmcx69JtCVCbFU8ghYZdYYRbPrL7Hk4","name":"otienobarbra4@gmail.com","displayName":"otienobarbra4@gmail.com"},"attestation":"none","pubKeyCredParams":[{"type":"public-key","alg":-7}],"timeout":60000,"authenticatorSelection":{"userVerification":"preferred","requireResidentKey":false},"challenge":"ZXlKaGJHY2lPaUpJVXpJMU5pSXNJblI1Y0NJNklrcFhWQ0o5LmV5SmhkV1FpT2lKa1pYWXVhV1IyTFdSbGJXOHViRzlqWVd3aUxDSnpkV0lpT2lKdmRHbGxibTlpWVhKaWNtRTBRR2R0WVdsc0xtTnZiU0lzSW1WNGNDSTZNVGM0TmpNME9USTRNQ3dpY21GdVpDSTZJbVJqWHpFM1JrNXJiVXBZYnpoSGExcGxRMDB0UWt4WWQxRm5Na2R3Um1KRWFHUmxSbGx6TUVvaUxDSnBaQ0k2SWt0NFlrcEpaakk1ZEVkcWNXcHRZM2cyT1VwMFExWkRZa1pWT0dkb1dWcGtXVmxTWWxCeVREZElhelFpTENKaGRYUm9jMlZzWldOMGFXOXVJam9pSWl3aVlYUjBaWE4wWVhScGIyNGlPaUp1YjI1bEluMC5DSWFJUk54YUxOZW1yRjY1Z3RrSHZJYWt5N3Z4dUVLMEZwVzVxOWc3M1FV","excludeCredentials":[],"status":"ok","errorMessage":""}"}
{"Timestamp":"2026-08-10T08:07:00+00:00","TRANSACTION":{"status":"","RETURN_1":[],"RETURN_2":[],"RETRIVAL_1":[],"RETRIVAL_2":[]}, "URI WRONG":"/favicon.ico"}
{"Timestamp":"2026-08-10T08:07:45+00:00","TRANSACTION":{"status":"","RETURN_1":[],"RETURN_2":[],"RETRIVAL_1":[],"RETRIVAL_2":[]}, "BlockID WebAuthn register raw response":"{"status":"error","errorMessage":"Error attestation payload incorrect"}"}
{"Timestamp":"2026-08-10T08:12:32+00:00","TRANSACTION":{"status":"","RETURN_1":[],"RETURN_2":[],"RETRIVAL_1":[],"RETRIVAL_2":[]}, "BlockID WebAuthn options raw response":"{"rp":{"name":"dev.idv-demo.local","id":"dev.idv-demo.local"},"user":{"id":"MBd5MLAcoICMIVE8KZAF3iKh3d4uWNqyBDJ9uLKlB40","name":"otienobarbra4@gmail.com","displayName":"otienobarbra4@gmail.com"},"attestation":"none","pubKeyCredParams":[{"type":"public-key","alg":-7},{"type":"public-key","alg":-257}],"timeout":60000,"authenticatorSelection":{"authenticatorAttachment":"platform"},"challenge":"ZXlKaGJHY2lPaUpJVXpJMU5pSXNJblI1Y0NJNklrcFhWQ0o5LmV5SmhkV1FpT2lKa1pYWXVhV1IyTFdSbGJXOHViRzlqWVd3aUxDSnpkV0lpT2lKdmRHbGxibTlpWVhKaWNtRTBRR2R0WVdsc0xtTnZiU0lzSW1WNGNDSTZNVGM0TmpNME9UWXhNeXdpY21GdVpDSTZJazFoZW1GNGQyb3dOa2RoYjBobWVGRkNRWGRXUkZwM1pGTndkM0JOVTNoT1EyeFZVbUpJV2tzaUxDSnBaQ0k2SWsxQ1pEVk5URUZqYjBsRFRVbFdSVGhMV2tGR00ybExhRE5rTkhWWFRuRjVRa1JLT1hWTVMyeENOREFpTENKaGRYUm9jMlZzWldOMGFXOXVJam9pY0d4aGRHWnZjbTBpTENKaGRIUmxjM1JoZEdsdmJpSTZJbTV2Ym1VaWZRLkJvUENhenpFSmlLN0xBRzJ5Yms1alZpS0FRcFBJRlJFYWdPOHFRQ1pUaEE","excludeCredentials":[],"status":"ok","errorMessage":""}"}
{"Timestamp":"2026-08-10T08:12:32+00:00","TRANSACTION":{"status":"","RETURN_1":[],"RETURN_2":[],"RETRIVAL_1":[],"RETRIVAL_2":[]}, "URI WRONG":"/favicon.ico"}
{"Timestamp":"2026-08-10T08:12:45+00:00","TRANSACTION":{"status":"","RETURN_1":[],"RETURN_2":[],"RETRIVAL_1":[],"RETRIVAL_2":[]}, "BlockID WebAuthn register raw response":"{"status":"error","errorMessage":"Error attestation payload incorrect"}"}
{"Timestamp":"2026-08-10T08:29:39+00:00","TRANSACTION":{"status":"","RETURN_1":[],"RETURN_2":[],"RETRIVAL_1":[],"RETRIVAL_2":[]}, "URI WRONG":"/favicon.ico"}
{"Timestamp":"2026-08-10T08:29:45+00:00","TRANSACTION":{"status":"","RETURN_1":[],"RETURN_2":[],"RETRIVAL_1":[],"RETRIVAL_2":[]}, "URI WRONG":"/favicon.ico"}
{"Timestamp":"2026-08-10T08:29:48+00:00","TRANSACTION":{"status":"","RETURN_1":[],"RETURN_2":[],"RETRIVAL_1":[],"RETRIVAL_2":[]}, "URI WRONG":"/favicon.ico"}
{"Timestamp":"2026-08-10T08:29:49+00:00","TRANSACTION":{"status":"","RETURN_1":[],"RETURN_2":[],"RETRIVAL_1":[],"RETRIVAL_2":[]}, "URI WRONG":"/favicon.ico"}
{"Timestamp":"2026-08-10T08:29:50+00:00","TRANSACTION":{"status":"","RETURN_1":[],"RETURN_2":[],"RETRIVAL_1":[],"RETRIVAL_2":[]}, "URI WRONG":"/favicon.ico"}
{"Timestamp":"2026-08-10T08:30:04+00:00","TRANSACTION":{"status":"","RETURN_1":[],"RETURN_2":[],"RETRIVAL_1":[],"RETRIVAL_2":[]}, "BlockID verify raw response":"{"error_code":404,"message":"Invalid OTP","status":false}"}
{"Timestamp":"2026-08-10T08:30:04+00:00","TRANSACTION":{"status":"","RETURN_1":[],"RETURN_2":[],"RETRIVAL_1":[],"RETRIVAL_2":[]}, "URI WRONG":"/favicon.ico"}
{"Timestamp":"2026-08-10T08:30:12+00:00","TRANSACTION":{"status":"","RETURN_1":[],"RETURN_2":[],"RETRIVAL_1":[],"RETRIVAL_2":[]}, "URI WRONG":"/favicon.ico"}
{"Timestamp":"2026-08-10T08:30:14+00:00","TRANSACTION":{"status":"","RETURN_1":[],"RETURN_2":[],"RETRIVAL_1":[],"RETRIVAL_2":[]}, "URI WRONG":"/favicon.ico"}
{"Timestamp":"2026-08-10T08:30:15+00:00","TRANSACTION":null, "URI WRONG":"/favicon.ico"}
{"Timestamp":"2026-08-10T08:30:43+00:00","TRANSACTION":{"status":"","RETURN_1":[],"RETURN_2":[],"RETRIVAL_1":[],"RETRIVAL_2":[]}, "URI WRONG":"/hom"}
{"Timestamp":"2026-08-10T08:30:44+00:00","TRANSACTION":null, "URI WRONG":"/favicon.ico"}
{"Timestamp":"2026-08-10T08:30:46+00:00","TRANSACTION":{"status":"","RETURN_1":[],"RETURN_2":[],"RETRIVAL_1":[],"RETRIVAL_2":[]}, "URI WRONG":"/hom"}
{"Timestamp":"2026-08-10T08:30:46+00:00","TRANSACTION":null, "URI WRONG":"/favicon.ico"}
{"Timestamp":"2026-08-10T08:30:47+00:00","TRANSACTION":{"status":"","RETURN_1":[],"RETURN_2":[],"RETRIVAL_1":[],"RETRIVAL_2":[]}, "URI WRONG":"/favicon.ico"}
{"Timestamp":"2026-08-10T08:31:10+00:00","TRANSACTION":{"status":"","RETURN_1":[],"RETURN_2":[],"RETRIVAL_1":[],"RETRIVAL_2":[]}, "URI WRONG":"/favicon.ico"}
{"Timestamp":"2026-08-10T08:31:21+00:00","TRANSACTION":{"status":"","RETURN_1":[],"RETURN_2":[],"RETRIVAL_1":[],"RETRIVAL_2":[]}, "URI WRONG":"/favicon.ico"}
{"Timestamp":"2026-08-10T08:31:22+00:00","TRANSACTION":{"RETURN_1":[],"RETURN_2":[],"RETRIVAL_1":[],"RETRIVAL_2":[]}, "URI WRONG":"/favicon.ico"}
{"Timestamp":"2026-08-10T08:31:37+00:00","TRANSACTION":{"RETURN_1":[],"RETURN_2":[],"RETRIVAL_1":[],"RETRIVAL_2":[]}, "URI WRONG":"/favicon.ico"}
{"Timestamp":"2026-08-10T08:31:39+00:00","TRANSACTION":{"status":"","RETURN_1":[],"RETURN_2":[],"RETRIVAL_1":[],"RETRIVAL_2":[]}, "URI WRONG":"/favicon.ico"}
{"Timestamp":"2026-08-10T08:31:48+00:00","TRANSACTION":{"status":"","RETURN_1":[],"RETURN_2":[],"RETRIVAL_1":[],"RETRIVAL_2":[]}, "URI WRONG":"/favicon.ico"}
{"Timestamp":"2026-08-10T08:31:49+00:00","TRANSACTION":{"status":"","RETURN_1":[],"RETURN_2":[],"RETRIVAL_1":[],"RETRIVAL_2":[]}, "URI WRONG":"/favicon.ico"}
{"Timestamp":"2026-08-10T08:31:57+00:00","TRANSACTION":{"status":"","RETURN_1":[],"RETURN_2":[],"RETRIVAL_1":[],"RETRIVAL_2":[]}, "URI WRONG":"/favicon.ico"}
{"Timestamp":"2026-08-10T08:32:01+00:00","TRANSACTION":{"status":"","RETURN_1":[],"RETURN_2":[],"RETRIVAL_1":[],"RETRIVAL_2":[]}, "URI WRONG":"/favicon.ico"}
{"Timestamp":"2026-08-11T10:26:09+00:00","TRANSACTION":null, "URI WRONG":"/favicon.ico"}
{"Timestamp":"2026-08-12T07:53:34+00:00","TRANSACTION":null, "URI WRONG":"/favicon.ico"}
{"Timestamp":"2026-08-12T08:03:19+00:00","TRANSACTION":null, "BlockID OTP raw response":"{"messageId":"f73c347d-ed02-428f-bc5b-bdc6f1a0e4b2","info":"OTP request accepted"}"}
{"Timestamp":"2026-08-12T08:03:20+00:00","TRANSACTION":null, "URI WRONG":"/favicon.ico"}
{"Timestamp":"2026-08-12T08:03:57+00:00","TRANSACTION":null, "BlockID verify raw response":"{"otp_type":"user-generated","serviceName":"devx","status":"true"}"}
{"Timestamp":"2026-08-12T08:03:57+00:00","TRANSACTION":null, "URI WRONG":"/favicon.ico"}
{"Timestamp":"2026-08-12T08:04:02+00:00","TRANSACTION":{"RETURN_1":[],"RETURN_2":[],"RETRIVAL_1":[],"RETRIVAL_2":[]}, "URI WRONG":"/favicon.ico"}
{"Timestamp":"2026-08-12T08:06:17+00:00","TRANSACTION":{"RETURN_1":[],"RETURN_2":[],"RETRIVAL_1":[],"RETRIVAL_2":[],"MODEL":"M01","FORM":{"firstName":"Elsy","lastName":"Barbra","dateOfBirth":"2004-09-04","street":"Ngara","city":"Nairobi","postcode":"001-1111","country":"KEN","phone":"07000035555","email":"otienobarbra4@gmail.com"}}, "BlockID IDVerify session raw response":"{"sessionId":"c06a751c-aa42-4b27-bfd5-620c034da5bb","url":"https:\/\/blockid-trial.1kosmos.net\/idproofing\/session\/c06a751c-aa42-4b27-bfd5-620c034da5bb"}"}
{"Timestamp":"2026-08-12T08:06:18+00:00","TRANSACTION":{"RETURN_1":[],"RETURN_2":[],"RETRIVAL_1":[],"RETRIVAL_2":[],"MODEL":"M01","FORM":{"firstName":"Elsy","lastName":"Barbra","dateOfBirth":"2004-09-04","street":"Ngara","city":"Nairobi","postcode":"001-1111","country":"KEN","phone":"07000035555","email":"otienobarbra4@gmail.com"},"idverify_response":{"sessionId":"c06a751c-aa42-4b27-bfd5-620c034da5bb","url":"https:\/\/blockid-trial.1kosmos.net\/idproofing\/session\/c06a751c-aa42-4b27-bfd5-620c034da5bb"}}, "BlockID IDVerify session raw response":"{"sessionId":"618ec49f-f3ee-4a59-b5df-91e4c1b2414d","url":"https:\/\/blockid-trial.1kosmos.net\/idproofing\/session\/618ec49f-f3ee-4a59-b5df-91e4c1b2414d"}"}
{"Timestamp":"2026-08-12T08:06:18+00:00","TRANSACTION":{"RETURN_1":[],"RETURN_2":[],"RETRIVAL_1":[],"RETRIVAL_2":[],"MODEL":"M01","FORM":{"firstName":"Elsy","lastName":"Barbra","dateOfBirth":"2004-09-04","street":"Ngara","city":"Nairobi","postcode":"001-1111","country":"KEN","phone":"07000035555","email":"otienobarbra4@gmail.com"},"idverify_response":{"sessionId":"618ec49f-f3ee-4a59-b5df-91e4c1b2414d","url":"https:\/\/blockid-trial.1kosmos.net\/idproofing\/session\/618ec49f-f3ee-4a59-b5df-91e4c1b2414d"}}, "URI WRONG":"/favicon.ico"}
{"Timestamp":"2026-08-12T08:08:17+00:00","TRANSACTION":{"RETURN_1":[],"RETURN_2":[],"RETRIVAL_1":[],"RETRIVAL_2":[]}, "URI WRONG":"/favicon.ico"}
{"Timestamp":"2026-08-12T08:08:20+00:00","TRANSACTION":{"RETURN_1":[],"RETURN_2":[],"RETRIVAL_1":[],"RETRIVAL_2":[]}, "URI WRONG":"/favicon.ico"}
{"Timestamp":"2026-08-12T08:08:47+00:00","TRANSACTION":{"status":"","RETURN_1":[],"RETURN_2":[],"RETRIVAL_1":[],"RETRIVAL_2":[]}, "URI WRONG":"/favicon.ico"}
{"Timestamp":"2026-08-12T08:08:51+00:00","TRANSACTION":{"status":"","RETURN_1":[],"RETURN_2":[],"RETRIVAL_1":[],"RETRIVAL_2":[]}, "BlockID WebAuthn options raw response":"{"rp":{"name":"dev.idv-demo.local","id":"dev.idv-demo.local"},"user":{"id":"GXN1g3aknN-4aFqUaYJ7CXFUtyRv-VH8c9qp6yyiecI","name":"otienobarbra4@gmail.com","displayName":"otienobarbra4@gmail.com"},"attestation":"none","pubKeyCredParams":[{"type":"public-key","alg":-7},{"type":"public-key","alg":-257}],"timeout":60000,"authenticatorSelection":{"authenticatorAttachment":"platform"},"challenge":"ZXlKaGJHY2lPaUpJVXpJMU5pSXNJblI1Y0NJNklrcFhWQ0o5LmV5SmhkV1FpT2lKa1pYWXVhV1IyTFdSbGJXOHViRzlqWVd3aUxDSnpkV0lpT2lKdmRHbGxibTlpWVhKaWNtRTBRR2R0WVdsc0xtTnZiU0lzSW1WNGNDSTZNVGM0TmpVeU1qRTVNaXdpY21GdVpDSTZJbW8zV1UxS1IwVjJNSEpuVGt0clRqaHRMVU52YWxrMlNVeG1Wa3B2U1Raa2JuVndWVkJsYzFjaUxDSnBaQ0k2SWtkWVRqRm5NMkZyYms0dE5HRkdjVlZoV1VvM1ExaEdWWFI1VW5ZdFZrZzRZemx4Y0RaNWVXbGxZMGtpTENKaGRYUm9jMlZzWldOMGFXOXVJam9pY0d4aGRHWnZjbTBpTENKaGRIUmxjM1JoZEdsdmJpSTZJbTV2Ym1VaWZRLllpY2Y2enp6UFdNdW5KNWdpOFFucHZjQVpsR2JDNnhGel93Z2QyVm5mc0k","excludeCredentials":[],"status":"ok","errorMessage":""}"}
{"Timestamp":"2026-08-12T08:08:52+00:00","TRANSACTION":{"status":"","RETURN_1":[],"RETURN_2":[],"RETRIVAL_1":[],"RETRIVAL_2":[]}, "URI WRONG":"/favicon.ico"}
{"Timestamp":"2026-08-12T08:46:16+00:00","TRANSACTION":{"status":"","RETURN_1":[],"RETURN_2":[],"RETRIVAL_1":[],"RETRIVAL_2":[]}, "URI WRONG":"/favicon.ico"}
{"Timestamp":"2026-08-12T08:46:18+00:00","TRANSACTION":{"status":"","RETURN_1":[],"RETURN_2":[],"RETRIVAL_1":[],"RETRIVAL_2":[]}, "URI WRONG":"/favicon.ico"}
{"Timestamp":"2026-08-12T08:46:23+00:00","TRANSACTION":{"status":"","RETURN_1":[],"RETURN_2":[],"RETRIVAL_1":[],"RETRIVAL_2":[]}, "URI WRONG":"/favicon.ico"}
{"Timestamp":"2026-08-12T08:46:31+00:00","TRANSACTION":{"status":"","RETURN_1":[],"RETURN_2":[],"RETRIVAL_1":[],"RETRIVAL_2":[]}, "URI WRONG":"/favicon.ico"}
{"Timestamp":"2026-08-12T08:46:44+00:00","TRANSACTION":{"status":"","RETURN_1":[],"RETURN_2":[],"RETRIVAL_1":[],"RETRIVAL_2":[]}, "URI WRONG":"/favicon.ico"}
{"Timestamp":"2026-08-12T08:46:47+00:00","TRANSACTION":{"status":"","RETURN_1":[],"RETURN_2":[],"RETRIVAL_1":[],"RETRIVAL_2":[]}, "URI WRONG":"/favicon.ico"}
{"Timestamp":"2026-08-12T09:01:00+00:00","TRANSACTION":{"status":"","RETURN_1":[],"RETURN_2":[],"RETRIVAL_1":[],"RETRIVAL_2":[]}, "URI WRONG":"/favicon.ico"}
{"Timestamp":"2026-08-12T09:01:09+00:00","TRANSACTION":{"status":"","RETURN_1":[],"RETURN_2":[],"RETRIVAL_1":[],"RETRIVAL_2":[]}, "URI WRONG":"/favicon.ico"}
{"Timestamp":"2026-08-12T09:01:23+00:00","TRANSACTION":{"status":"","RETURN_1":[],"RETURN_2":[],"RETRIVAL_1":[],"RETRIVAL_2":[]}, "URI WRONG":"/favicon.ico"}
{"Timestamp":"2026-08-12T09:01:35+00:00","TRANSACTION":{"status":"","RETURN_1":[],"RETURN_2":[],"RETRIVAL_1":[],"RETRIVAL_2":[]}, "BlockID recovery link raw response":"{"emailResult":{"status":true,"statusCode":0,"message":"https:\/\/1k-prod-us.1kosmos.net\/acr","error":null,"gatewayId":null,"gatewayName":null,"resultId":"f0eaf0e4-4153-4711-9932-9d6e256c5e65","messageId":null,"ts":1786525296},"link":"e74a3248-ce8a-4f7c-91fa-a893ffc746e3","code":"e74a3248-ce8a-4f7c-91fa-a893ffc746e3","statusCode":200}"}
{"Timestamp":"2026-08-12T09:01:35+00:00","TRANSACTION":{"status":"","RETURN_1":[],"RETURN_2":[],"RETRIVAL_1":[],"RETRIVAL_2":[]}, "URI WRONG":"/favicon.ico"}
{"Timestamp":"2026-08-12T09:02:06+00:00","TRANSACTION":null, "BlockID reset redeem raw response":"{"message":"redeemed","ttl_seconds":259200,"type":"verification_link","phoneRequired":false,"uuid":"e74a3248-ce8a-4f7c-91fa-a893ffc746e3","ttl":0,"tenantId":"6104b7ab6fd0ac62d99da58b","createdTime":1786525296,"id":"6a7c367078dfc9632a36f682","communityId":"61b8f0f52c40975104ed64a3","accesscodepayload":{"otp_email":"otienobarbra4@gmail.com","authType":"none","invite_email":"otienobarbra4@gmail.com"},"status":"redeemed","statusCode":200}"}
{"Timestamp":"2026-08-12T09:02:07+00:00","TRANSACTION":null, "URI WRONG":"/favicon.ico"}
{"Timestamp":"2026-08-12T09:02:11+00:00","TRANSACTION":null, "BlockID reset redeem raw response":"{"message":"Your organization policy does not allow you to register this account in this request. Please contact your Customer Support team for further assistance.","statusCode":429}"}
{"Timestamp":"2026-08-12T09:02:11+00:00","TRANSACTION":null, "URI WRONG":"/favicon.ico"}
{"Timestamp":"2026-08-12T09:02:39+00:00","TRANSACTION":{"status":"","RETURN_1":[],"RETURN_2":[],"RETRIVAL_1":[],"RETRIVAL_2":[]}, "BlockID recovery link raw response":"{"emailResult":{"status":true,"statusCode":0,"message":"https:\/\/1k-prod-us.1kosmos.net\/acr","error":null,"gatewayId":null,"gatewayName":null,"resultId":"8e2069a5-5210-421f-8796-c89de6f7f78c","messageId":null,"ts":1786525360},"link":"0d2ba0de-418a-4403-9fe5-892ff6b45e01","code":"0d2ba0de-418a-4403-9fe5-892ff6b45e01","statusCode":200}"}
{"Timestamp":"2026-08-12T09:02:40+00:00","TRANSACTION":{"status":"","RETURN_1":[],"RETURN_2":[],"RETRIVAL_1":[],"RETRIVAL_2":[]}, "URI WRONG":"/favicon.ico"}
{"Timestamp":"2026-08-12T09:03:11+00:00","TRANSACTION":null, "BlockID reset redeem raw response":"{"message":"redeemed","ttl_seconds":259200,"type":"verification_link","phoneRequired":false,"uuid":"0d2ba0de-418a-4403-9fe5-892ff6b45e01","ttl":0,"tenantId":"6104b7ab6fd0ac62d99da58b","createdTime":1786525360,"id":"6a7c36b036d96215f801e057","communityId":"61b8f0f52c40975104ed64a3","accesscodepayload":{"otp_email":"otienobarbra4@gmail.com","authType":"none","invite_email":"otienobarbra4@gmail.com"},"status":"redeemed","statusCode":200}"}
{"Timestamp":"2026-08-12T09:03:11+00:00","TRANSACTION":null, "URI WRONG":"/favicon.ico"}
{"Timestamp":"2026-08-12T09:03:21+00:00","TRANSACTION":null, "URI WRONG":"/favicon.ico"}
{"Timestamp":"2026-08-12T09:41:11+00:00","TRANSACTION":{"status":"","RETURN_1":[],"RETURN_2":[],"RETRIVAL_1":[],"RETRIVAL_2":[]}, "URI WRONG":"/favicon.ico"}
{"Timestamp":"2026-08-12T09:43:57+00:00","TRANSACTION":{"status":"","RETURN_1":[],"RETURN_2":[],"RETRIVAL_1":[],"RETRIVAL_2":[]}, "URI WRONG":"/favicon.ico"}
{"Timestamp":"2026-08-12T09:43:59+00:00","TRANSACTION":{"status":"","RETURN_1":[],"RETURN_2":[],"RETRIVAL_1":[],"RETRIVAL_2":[]}, "URI WRONG":"/favicon.ico"}
{"Timestamp":"2026-08-12T09:43:59+00:00","TRANSACTION":{"status":"","RETURN_1":[],"RETURN_2":[],"RETRIVAL_1":[],"RETRIVAL_2":[]}, "URI WRONG":"/favicon.ico"}
{"Timestamp":"2026-08-12T09:43:59+00:00","TRANSACTION":{"status":"","RETURN_1":[],"RETURN_2":[],"RETRIVAL_1":[],"RETRIVAL_2":[]}, "URI WRONG":"/favicon.ico"}
{"Timestamp":"2026-08-12T09:44:04+00:00","TRANSACTION":{"status":"","RETURN_1":[],"RETURN_2":[],"RETRIVAL_1":[],"RETRIVAL_2":[]}, "URI WRONG":"/favicon.ico"}
{"Timestamp":"2026-08-12T09:45:48+00:00","TRANSACTION":{"status":"","RETURN_1":[],"RETURN_2":[],"RETRIVAL_1":[],"RETRIVAL_2":[]}, "URI WRONG":"/img/1kosmos-logo.png"}
{"Timestamp":"2026-08-12T09:45:48+00:00","TRANSACTION":{"status":"","RETURN_1":[],"RETURN_2":[],"RETRIVAL_1":[],"RETRIVAL_2":[]}, "URI WRONG":"/favicon.ico"}
{"Timestamp":"2026-08-12T09:45:50+00:00","TRANSACTION":{"status":"","RETURN_1":[],"RETURN_2":[],"RETRIVAL_1":[],"RETRIVAL_2":[]}, "URI WRONG":"/img/1kosmos-logo.png"}
{"Timestamp":"2026-08-12T09:45:50+00:00","TRANSACTION":{"status":"","RETURN_1":[],"RETURN_2":[],"RETRIVAL_1":[],"RETRIVAL_2":[]}, "URI WRONG":"/favicon.ico"}
{"Timestamp":"2026-08-12T09:46:00+00:00","TRANSACTION":{"status":"","RETURN_1":[],"RETURN_2":[],"RETRIVAL_1":[],"RETRIVAL_2":[]}, "URI WRONG":"/favicon.ico"}
{"Timestamp":"2026-08-12T09:46:02+00:00","TRANSACTION":{"status":"","RETURN_1":[],"RETURN_2":[],"RETRIVAL_1":[],"RETRIVAL_2":[]}, "URI WRONG":"/img/1kosmos-logo.png"}
{"Timestamp":"2026-08-12T09:46:02+00:00","TRANSACTION":{"status":"","RETURN_1":[],"RETURN_2":[],"RETRIVAL_1":[],"RETRIVAL_2":[]}, "URI WRONG":"/favicon.ico"}
{"Timestamp":"2026-08-12T09:47:36+00:00","TRANSACTION":{"status":"","RETURN_1":[],"RETURN_2":[],"RETRIVAL_1":[],"RETRIVAL_2":[]}, "URI WRONG":"/favicon.ico"}
{"Timestamp":"2026-08-12T09:47:38+00:00","TRANSACTION":{"status":"","RETURN_1":[],"RETURN_2":[],"RETRIVAL_1":[],"RETRIVAL_2":[]}, "URI WRONG":"/favicon.ico"}
